--- Copying files at Mon Apr 13 06:07:22 UTC 2026
--- Copied files finished at Mon Apr 13 06:07:22 UTC 2026
--- Copying files at Mon Apr 13 07:34:11 UTC 2026
--- Copied files finished at Mon Apr 13 07:34:11 UTC 2026
--- Copying files at Mon Apr 13 08:55:02 UTC 2026
--- Copied files finished at Mon Apr 13 08:55:02 UTC 2026
--- Copying files at Tue May  5 19:27:04 UTC 2026
--- Copied files finished at Tue May  5 19:27:04 UTC 2026
--- Copying files at Fri May  8 18:34:33 UTC 2026
--- Copied files finished at Fri May  8 18:34:33 UTC 2026
--- Copying files at Sun May 10 10:42:54 UTC 2026
--- Copied files finished at Sun May 10 10:42:54 UTC 2026
--- Copying files at Mon Jun  1 17:03:41 UTC 2026
--- Copied files finished at Mon Jun  1 17:03:41 UTC 2026
--- Copying files at Mon Jun  1 17:20:10 UTC 2026
INSTALLED plugins/job-dsl.jpi : 3654.vdf58f53e2d15
INSTALLED plugins/pipeline-rest-api.jpi : 2.41
INSTALLED plugins/pipeline-stage-view.jpi : 2.41
INSTALLED plugins/configuration-as-code.jpi : 2081.v2d0940662a_34
INSTALLED plugins/pipeline-graph-analysis.jpi : 254.v0f63a_a_447dca_
INSTALLED plugins.txt
--- Copied files finished at Mon Jun  1 17:20:11 UTC 2026
--- Copying files at Mon Jun  1 17:20:22 UTC 2026
--- Copied files finished at Mon Jun  1 17:20:22 UTC 2026
--- Copying files at Mon Jun  1 17:20:34 UTC 2026
--- Copied files finished at Mon Jun  1 17:20:34 UTC 2026
--- Copying files at Mon Jun  1 17:20:45 UTC 2026
--- Copied files finished at Mon Jun  1 17:20:45 UTC 2026
--- Copying files at Mon Jun  1 17:20:55 UTC 2026
--- Copied files finished at Mon Jun  1 17:20:55 UTC 2026
--- Copying files at Mon Jun  1 17:21:05 UTC 2026
--- Copied files finished at Mon Jun  1 17:21:06 UTC 2026
--- Copying files at Mon Jun  1 17:21:17 UTC 2026
--- Copied files finished at Mon Jun  1 17:21:17 UTC 2026
--- Copying files at Mon Jun  1 17:21:28 UTC 2026
--- Copied files finished at Mon Jun  1 17:21:29 UTC 2026
--- Copying files at Mon Jun  1 17:21:40 UTC 2026
--- Copied files finished at Mon Jun  1 17:21:40 UTC 2026
--- Copying files at Mon Jun  1 17:21:50 UTC 2026
--- Copied files finished at Mon Jun  1 17:21:51 UTC 2026
--- Copying files at Mon Jun  1 17:22:00 UTC 2026
--- Copied files finished at Mon Jun  1 17:22:00 UTC 2026
--- Copying files at Mon Jun  1 17:22:19 UTC 2026
--- Copied files finished at Mon Jun  1 17:22:20 UTC 2026
--- Copying files at Mon Jun  1 17:22:30 UTC 2026
--- Copied files finished at Mon Jun  1 17:22:30 UTC 2026
--- Copying files at Mon Jun  1 17:22:40 UTC 2026
--- Copied files finished at Mon Jun  1 17:22:40 UTC 2026
--- Copying files at Mon Jun  1 17:22:51 UTC 2026
--- Copied files finished at Mon Jun  1 17:22:51 UTC 2026
--- Copying files at Mon Jun  1 17:23:03 UTC 2026
--- Copied files finished at Mon Jun  1 17:23:03 UTC 2026
--- Copying files at Mon Jun  1 17:23:14 UTC 2026
--- Copied files finished at Mon Jun  1 17:23:15 UTC 2026
--- Copying files at Mon Jun  1 17:23:26 UTC 2026
--- Copied files finished at Mon Jun  1 17:23:27 UTC 2026
--- Copying files at Mon Jun  1 17:23:37 UTC 2026
--- Copied files finished at Mon Jun  1 17:23:38 UTC 2026
--- Copying files at Mon Jun  1 17:23:50 UTC 2026
--- Copied files finished at Mon Jun  1 17:23:50 UTC 2026
--- Copying files at Mon Jun  1 17:24:02 UTC 2026
--- Copied files finished at Mon Jun  1 17:24:02 UTC 2026
--- Copying files at Mon Jun  1 17:24:13 UTC 2026
--- Copied files finished at Mon Jun  1 17:24:13 UTC 2026
--- Copying files at Mon Jun  1 17:24:23 UTC 2026
--- Copied files finished at Mon Jun  1 17:24:24 UTC 2026
--- Copying files at Mon Jun  1 17:24:34 UTC 2026
--- Copied files finished at Mon Jun  1 17:24:35 UTC 2026
--- Copying files at Mon Jun  1 17:24:45 UTC 2026
--- Copied files finished at Mon Jun  1 17:24:45 UTC 2026
--- Copying files at Mon Jun  1 17:24:56 UTC 2026
--- Copied files finished at Mon Jun  1 17:24:57 UTC 2026
--- Copying files at Mon Jun  1 17:25:09 UTC 2026
--- Copied files finished at Mon Jun  1 17:25:10 UTC 2026
--- Copying files at Mon Jun  1 17:25:22 UTC 2026
--- Copied files finished at Mon Jun  1 17:25:22 UTC 2026
--- Copying files at Mon Jun  1 17:27:46 UTC 2026
--- Copied files finished at Mon Jun  1 17:27:47 UTC 2026
--- Copying files at Mon Jun  1 19:39:46 UTC 2026
--- Copied files finished at Mon Jun  1 19:39:46 UTC 2026
